// Bun Snapshot v1, https://bun.sh/docs/test/snapshots

exports[`SOURCE_CATEGORY_MODEL_DEFAULTS golden snapshot 1`] = `
{
  "design": {
    "providers": [
      {
        "models": [
          {
            "model": "gemini-3.1-pro-preview",
          },
        ],
        "provider": "github-copilot",
      },
      {
        "models": [
          {
            "model": "gpt-5.5",
            "variant": "high",
          },
        ],
        "provider": "openai",
      },
      {
        "models": [
          {
            "model": "claude-opus-4-7",
            "variant": "max",
          },
        ],
        "provider": "anthropic",
      },
      {
        "models": [
          {
            "model": "v0-1.5-md",
          },
        ],
        "provider": "vercel",
      },
    ],
    "rationale": "High-judgment UX, product, and design work benefits from a strong general reasoning model with broad creative capability.",
    "whenToOverride": "Override to a faster/cheaper model when design tasks are primarily templating or low-stakes layout work.",
  },
  "document-review": {
    "providers": [
      {
        "models": [
          {
            "model": "claude-opus-4-7",
            "variant": "max",
          },
        ],
        "provider": "anthropic",
      },
      {
        "models": [
          {
            "model": "gpt-5.5",
            "variant": "high",
          },
        ],
        "provider": "openai",
      },
      {
        "models": [
          {
            "model": "gemini-3.1-pro-preview",
          },
        ],
        "provider": "github-copilot",
      },
      {
        "models": [
          {
            "model": "claude-sonnet-4-6",
          },
        ],
        "provider": "opencode",
      },
    ],
    "rationale": "Requirements and plan critique benefit from the strongest nuanced reasoning to surface non-obvious gaps and contradictions.",
  },
  "research": {
    "providers": [
      {
        "models": [
          {
            "model": "gpt-5.4-mini",
          },
        ],
        "provider": "openai",
      },
      {
        "models": [
          {
            "model": "claude-sonnet-4-6",
          },
        ],
        "provider": "anthropic",
      },
      {
        "models": [
          {
            "model": "gemini-3.1-pro-preview",
          },
        ],
        "provider": "github-copilot",
      },
      {
        "models": [
          {
            "model": "claude-sonnet-4-6",
          },
        ],
        "provider": "opencode",
      },
    ],
    "rationale": "Tool-heavy synthesis and source evaluation benefit from a strong general reasoning model with broad knowledge.",
  },
  "review": {
    "providers": [
      {
        "models": [
          {
            "model": "claude-sonnet-4-6",
          },
        ],
        "provider": "anthropic",
      },
      {
        "models": [
          {
            "model": "gpt-5.3-codex",
          },
        ],
        "provider": "openai",
      },
      {
        "models": [
          {
            "model": "gemini-3.1-pro-preview",
          },
        ],
        "provider": "github-copilot",
      },
      {
        "models": [
          {
            "model": "claude-sonnet-4-6",
          },
        ],
        "provider": "opencode",
      },
    ],
    "rationale": "Code, security, and adversarial review benefits from the strongest reasoning to catch subtle bugs and security issues.",
    "whenToOverride": "Override to a faster model when review tasks are primarily style or formatting checks rather than correctness or security analysis.",
  },
  "workflow": {
    "providers": [
      {
        "models": [
          {
            "model": "gpt-5.4-mini",
          },
        ],
        "provider": "openai",
      },
      {
        "models": [
          {
            "model": "claude-sonnet-4-6",
          },
        ],
        "provider": "anthropic",
      },
      {
        "models": [
          {
            "model": "claude-haiku-4-5",
          },
        ],
        "provider": "opencode",
      },
      {
        "models": [
          {
            "model": "claude-haiku-4-5",
          },
        ],
        "provider": "opencode-go",
      },
    ],
    "rationale": "Orchestration and bounded implementation tasks should default cheaper and faster; strong reasoning is rarely needed for routing decisions.",
  },
}
`;
